0 1 died
0 1 died
0 1 died
0 1 died
0 1 died
0 1 died
0 1 died
0 1 died
0 1 died
0 1 died
0 1 died
0 1 died
0 1 died
0 1 died
0 1 died
0 1 died
0 1 died
0 1 died
0 1 died
0 1 died
0 1 died
0 1 died
0 1 died
0 1 died
0 1 died
0 1 died
0 1 died
0 1 died
0 1 died
0 1 died
0 1 died
0 1 died
